engdeu9604,ende-tutorial1,1000000,TGT,eng,deu,1,ende-tutorial1,False,"{'start_i': 0, 'end_i': 50, 'severity': 'major'}"
engdeu9604,ende-tutorial1,1000001,TGT,eng,deu,2,ende-tutorial1,False,"{'start_i': 0, 'end_i': 50, 'severity': 'major'}"
engdeu9604,ende-tutorial1,1000002,TGT,eng,deu,3,ende-tutorial1,False,"{'start_i': 0, 'end_i': 50, 'severity': 'major'}"
engdeu9604,ende-tutorial2,1000003,TGT,eng,deu,4,ende-tutorial2,False,"{'start_i': 0, 'end_i': 50, 'severity': 'major'}"
engdeu9604,ende-tutorial2,1000004,TGT,eng,deu,5,ende-tutorial2,False,"{'start_i': 0, 'end_i': 50, 'severity': 'major'}"
engdeu9604,ende-tutorial2,1000005,TGT,eng,deu,6,ende-tutorial2,False,"{'start_i': 0, 'end_i': 50, 'severity': 'major'}"
engdeu9604,Claude-3.5,706,TGT,eng,deu,7,test-en-speech_392RoIzR2Fs_001,False,"{'start_i': 0, 'end_i': 50, 'severity': 'major'}"
engdeu9604,ONLINE-B,778,TGT,eng,deu,8,test-en-speech_TBPP-za78BQ_000,False,"{'start_i': 0, 'end_i': 50, 'severity': 'major'}"
engdeu9604,Llama3-70B,5,TGT,eng,deu,9,test-en-news_brisbanetimes.com.au.228963,False,"{'start_i': 0, 'end_i': 50, 'severity': 'major'}"
engdeu9604,Llama3-70B,6,TGT,eng,deu,10,test-en-news_brisbanetimes.com.au.228963,False,"{'start_i': 0, 'end_i': 50, 'severity': 'major'}"
engdeu9604,Llama3-70B,7,TGT,eng,deu,11,test-en-news_brisbanetimes.com.au.228963,False,"{'start_i': 0, 'end_i': 50, 'severity': 'major'}"
engdeu9604,Llama3-70B,8,TGT,eng,deu,12,test-en-news_brisbanetimes.com.au.228963,False,"{'start_i': 0, 'end_i': 50, 'severity': 'major'}"
engdeu9604,Llama3-70B,9,TGT,eng,deu,13,test-en-news_brisbanetimes.com.au.228963,False,"{'start_i': 0, 'end_i': 50, 'severity': 'major'}"
engdeu9604,Dubformer,451,BAD,eng,deu,14,test-en-social_112122127346453600#bad,False,"{'start_i': 0, 'end_i': 50, 'severity': 'major'}"
engdeu9604,Dubformer,452,BAD,eng,deu,15,test-en-social_112122127346453600#bad,False,"{'start_i': 0, 'end_i': 50, 'severity': 'major'}"
engdeu9604,Dubformer,453,BAD,eng,deu,16,test-en-social_112122127346453600#bad,False,"{'start_i': 0, 'end_i': 50, 'severity': 'major'}"
engdeu9604,Dubformer,454,BAD,eng,deu,17,test-en-social_112122127346453600#bad,False,"{'start_i': 0, 'end_i': 50, 'severity': 'major'}"
engdeu9604,Dubformer,455,BAD,eng,deu,18,test-en-social_112122127346453600#bad,False,"{'start_i': 0, 'end_i': 50, 'severity': 'major'}"
engdeu9604,Dubformer,456,BAD,eng,deu,19,test-en-social_112122127346453600#bad,False,"{'start_i': 0, 'end_i': 50, 'severity': 'major'}"
engdeu9604,Dubformer,457,BAD,eng,deu,20,test-en-social_112122127346453600#bad,False,"{'start_i': 0, 'end_i': 50, 'severity': 'major'}"
engdeu9604,Dubformer,458,BAD,eng,deu,21,test-en-social_112122127346453600#bad,False,"{'start_i': 0, 'end_i': 50, 'severity': 'major'}"
engdeu9604,Dubformer,459,BAD,eng,deu,22,test-en-social_112122127346453600#bad,False,"{'start_i': 0, 'end_i': 50, 'severity': 'major'}"
engdeu9604,Dubformer,460,BAD,eng,deu,23,test-en-social_112122127346453600#bad,False,"{'start_i': 0, 'end_i': 50, 'severity': 'major'}"
engdeu9604,Claude-3.5,899,TGT,eng,deu,24,test-en-literary_forever_snow_chunk_2_words_986,False,"{'start_i': 0, 'end_i': 50, 'severity': 'major'}"
engdeu9604,Claude-3.5,900,TGT,eng,deu,25,test-en-literary_forever_snow_chunk_2_words_986,False,"{'start_i': 0, 'end_i': 50, 'severity': 'major'}"
engdeu9604,Claude-3.5,901,TGT,eng,deu,26,test-en-literary_forever_snow_chunk_2_words_986,False,"{'start_i': 0, 'end_i': 50, 'severity': 'major'}"
engdeu9604,Claude-3.5,902,TGT,eng,deu,27,test-en-literary_forever_snow_chunk_2_words_986,False,"{'start_i': 0, 'end_i': 50, 'severity': 'major'}"
engdeu9604,Claude-3.5,903,TGT,eng,deu,28,test-en-literary_forever_snow_chunk_2_words_986,False,"{'start_i': 0, 'end_i': 50, 'severity': 'major'}"
engdeu9604,Claude-3.5,904,TGT,eng,deu,29,test-en-literary_forever_snow_chunk_2_words_986,False,"{'start_i': 0, 'end_i': 50, 'severity': 'major'}"
engdeu9604,Claude-3.5,905,TGT,eng,deu,30,test-en-literary_forever_snow_chunk_2_words_986,False,"{'start_i': 0, 'end_i': 50, 'severity': 'major'}"
engdeu9604,Claude-3.5,906,TGT,eng,deu,31,test-en-literary_forever_snow_chunk_2_words_986,False,"{'start_i': 0, 'end_i': 50, 'severity': 'major'}"
engdeu9604,Claude-3.5,907,TGT,eng,deu,32,test-en-literary_forever_snow_chunk_2_words_986,False,"{'start_i': 0, 'end_i': 50, 'severity': 'major'}"
engdeu9604,Claude-3.5,908,TGT,eng,deu,33,test-en-literary_forever_snow_chunk_2_words_986,False,"{'start_i': 0, 'end_i': 50, 'severity': 'major'}"
engdeu9604,Dubformer,724,TGT,eng,deu,34,test-en-speech_6JeSS_CODZ0_000,False,"{'start_i': 0, 'end_i': 50, 'severity': 'major'}"
engdeu9604,IOL-Research,689,TGT,eng,deu,35,test-en-speech_07FOJFFqOYc_002,False,"{'start_i': 0, 'end_i': 50, 'severity': 'major'}"
engdeu9604,IOL-Research,373,BAD,eng,deu,36,test-en-social_112111346044907536#bad,False,"{'start_i': 0, 'end_i': 50, 'severity': 'major'}"
engdeu9604,IOL-Research,374,BAD,eng,deu,37,test-en-social_112111346044907536#bad,False,"{'start_i': 0, 'end_i': 50, 'severity': 'major'}"
engdeu9604,Llama3-70B,789,TGT,eng,deu,38,test-en-speech_XwIQLLbD7SI_001,False,"{'start_i': 0, 'end_i': 50, 'severity': 'major'}"
engdeu9604,IKUN-C,969,TGT,eng,deu,39,test-en-literary_the_other_side_stormfall_chunk_2_words_956,False,"{'start_i': 0, 'end_i': 50, 'severity': 'major'}"
engdeu9604,IKUN-C,970,TGT,eng,deu,40,test-en-literary_the_other_side_stormfall_chunk_2_words_956,False,"{'start_i': 0, 'end_i': 50, 'severity': 'major'}"
engdeu9604,IKUN-C,971,TGT,eng,deu,41,test-en-literary_the_other_side_stormfall_chunk_2_words_956,False,"{'start_i': 0, 'end_i': 50, 'severity': 'major'}"
engdeu9604,IKUN-C,972,TGT,eng,deu,42,test-en-literary_the_other_side_stormfall_chunk_2_words_956,False,"{'start_i': 0, 'end_i': 50, 'severity': 'major'}"
engdeu9604,IKUN-C,973,TGT,eng,deu,43,test-en-literary_the_other_side_stormfall_chunk_2_words_956,False,"{'start_i': 0, 'end_i': 50, 'severity': 'major'}"
engdeu9604,IKUN-C,974,TGT,eng,deu,44,test-en-literary_the_other_side_stormfall_chunk_2_words_956,False,"{'start_i': 0, 'end_i': 50, 'severity': 'major'}"
engdeu9604,IKUN-C,975,TGT,eng,deu,45,test-en-literary_the_other_side_stormfall_chunk_2_words_956,False,"{'start_i': 0, 'end_i': 50, 'severity': 'major'}"
engdeu9604,IKUN-C,976,TGT,eng,deu,46,test-en-literary_the_other_side_stormfall_chunk_2_words_956,False,"{'start_i': 0, 'end_i': 50, 'severity': 'major'}"
engdeu9604,IKUN-C,977,TGT,eng,deu,47,test-en-literary_the_other_side_stormfall_chunk_2_words_956,False,"{'start_i': 0, 'end_i': 50, 'severity': 'major'}"
engdeu9604,IKUN-C,978,TGT,eng,deu,48,test-en-literary_the_other_side_stormfall_chunk_2_words_956,False,"{'start_i': 0, 'end_i': 50, 'severity': 'major'}"
engdeu9604,IOL-Research,373,TGT,eng,deu,49,test-en-social_112111346044907536,False,"{'start_i': 0, 'end_i': 50, 'severity': 'major'}"
engdeu9604,IOL-Research,374,TGT,eng,deu,50,test-en-social_112111346044907536,False,"{'start_i': 0, 'end_i': 50, 'severity': 'major'}"
engdeu9604,IOL-Research,375,TGT,eng,deu,51,test-en-social_112111346044907536,False,"{'start_i': 0, 'end_i': 50, 'severity': 'major'}"
engdeu9604,IOL-Research,376,TGT,eng,deu,52,test-en-social_112111346044907536,False,"{'start_i': 0, 'end_i': 50, 'severity': 'major'}"
engdeu9604,IOL-Research,377,TGT,eng,deu,53,test-en-social_112111346044907536,False,"{'start_i': 0, 'end_i': 50, 'severity': 'major'}"
engdeu9604,IOL-Research,378,TGT,eng,deu,54,test-en-social_112111346044907536,False,"{'start_i': 0, 'end_i': 50, 'severity': 'major'}"
engdeu9604,IOL-Research,379,TGT,eng,deu,55,test-en-social_112111346044907536,False,"{'start_i': 0, 'end_i': 50, 'severity': 'major'}"
engdeu9604,IOL-Research,380,TGT,eng,deu,56,test-en-social_112111346044907536,False,"{'start_i': 0, 'end_i': 50, 'severity': 'major'}"
engdeu9604,IOL-Research,381,TGT,eng,deu,57,test-en-social_112111346044907536,False,"{'start_i': 0, 'end_i': 50, 'severity': 'major'}"
engdeu9604,IOL-Research,382,TGT,eng,deu,58,test-en-social_112111346044907536,False,"{'start_i': 0, 'end_i': 50, 'severity': 'major'}"
engdeu9604,Llama3-70B,19,TGT,eng,deu,59,test-en-news_economist.14223#incomplete,False,"{'start_i': 0, 'end_i': 50, 'severity': 'major'}"
engdeu9604,Llama3-70B,20,TGT,eng,deu,60,test-en-news_economist.14223#incomplete,False,"{'start_i': 0, 'end_i': 50, 'severity': 'major'}"
engdeu9604,Claude-3.5,42,TGT,eng,deu,61,test-en-news_newsweek.63908,False,"{'start_i': 0, 'end_i': 50, 'severity': 'major'}"
engdeu9604,Claude-3.5,43,TGT,eng,deu,62,test-en-news_newsweek.63908,False,"{'start_i': 0, 'end_i': 50, 'severity': 'major'}"
engdeu9604,Claude-3.5,44,TGT,eng,deu,63,test-en-news_newsweek.63908,False,"{'start_i': 0, 'end_i': 50, 'severity': 'major'}"
engdeu9604,Claude-3.5,45,TGT,eng,deu,64,test-en-news_newsweek.63908,False,"{'start_i': 0, 'end_i': 50, 'severity': 'major'}"
engdeu9604,Claude-3.5,46,TGT,eng,deu,65,test-en-news_newsweek.63908,False,"{'start_i': 0, 'end_i': 50, 'severity': 'major'}"
engdeu9604,Claude-3.5,47,TGT,eng,deu,66,test-en-news_newsweek.63908,False,"{'start_i': 0, 'end_i': 50, 'severity': 'major'}"
engdeu9604,Claude-3.5,48,TGT,eng,deu,67,test-en-news_newsweek.63908,False,"{'start_i': 0, 'end_i': 50, 'severity': 'major'}"
engdeu9604,Claude-3.5,49,TGT,eng,deu,68,test-en-news_newsweek.63908,False,"{'start_i': 0, 'end_i': 50, 'severity': 'major'}"
engdeu9604,Claude-3.5,50,TGT,eng,deu,69,test-en-news_newsweek.63908,False,"{'start_i': 0, 'end_i': 50, 'severity': 'major'}"
engdeu9604,Claude-3.5,51,TGT,eng,deu,70,test-en-news_newsweek.63908,False,"{'start_i': 0, 'end_i': 50, 'severity': 'major'}"
engdeu9604,IKUN-C,10,TGT,eng,deu,71,test-en-news_csmonitor.com.7750,False,"{'start_i': 0, 'end_i': 50, 'severity': 'major'}"
engdeu9604,IKUN-C,11,TGT,eng,deu,72,test-en-news_csmonitor.com.7750,False,"{'start_i': 0, 'end_i': 50, 'severity': 'major'}"
engdeu9604,IKUN-C,12,TGT,eng,deu,73,test-en-news_csmonitor.com.7750,False,"{'start_i': 0, 'end_i': 50, 'severity': 'major'}"
engdeu9604,IKUN-C,13,TGT,eng,deu,74,test-en-news_csmonitor.com.7750,False,"{'start_i': 0, 'end_i': 50, 'severity': 'major'}"
engdeu9604,IKUN-C,14,TGT,eng,deu,75,test-en-news_csmonitor.com.7750,False,"{'start_i': 0, 'end_i': 50, 'severity': 'major'}"
engdeu9604,IKUN-C,15,TGT,eng,deu,76,test-en-news_csmonitor.com.7750,False,"{'start_i': 0, 'end_i': 50, 'severity': 'major'}"
engdeu9604,IKUN-C,16,TGT,eng,deu,77,test-en-news_csmonitor.com.7750,False,"{'start_i': 0, 'end_i': 50, 'severity': 'major'}"
engdeu9604,IKUN-C,17,TGT,eng,deu,78,test-en-news_csmonitor.com.7750,False,"{'start_i': 0, 'end_i': 50, 'severity': 'major'}"
engdeu9604,IKUN-C,18,TGT,eng,deu,79,test-en-news_csmonitor.com.7750,False,"{'start_i': 0, 'end_i': 50, 'severity': 'major'}"
engdeu9604,IOL-Research,424,TGT,eng,deu,80,test-en-social_112121157211696272,False,"{'start_i': 0, 'end_i': 50, 'severity': 'major'}"
engdeu9604,IOL-Research,425,TGT,eng,deu,81,test-en-social_112121157211696272,False,"{'start_i': 0, 'end_i': 50, 'severity': 'major'}"
engdeu9604,IOL-Research,426,TGT,eng,deu,82,test-en-social_112121157211696272,False,"{'start_i': 0, 'end_i': 50, 'severity': 'major'}"
engdeu9604,IOL-Research,427,TGT,eng,deu,83,test-en-social_112121157211696272,False,"{'start_i': 0, 'end_i': 50, 'severity': 'major'}"
engdeu9604,IOL-Research,428,TGT,eng,deu,84,test-en-social_112121157211696272,False,"{'start_i': 0, 'end_i': 50, 'severity': 'major'}"
engdeu9604,IOL-Research,429,TGT,eng,deu,85,test-en-social_112121157211696272,False,"{'start_i': 0, 'end_i': 50, 'severity': 'major'}"
engdeu9604,IOL-Research,430,TGT,eng,deu,86,test-en-social_112121157211696272,False,"{'start_i': 0, 'end_i': 50, 'severity': 'major'}"
engdeu9604,IOL-Research,431,TGT,eng,deu,87,test-en-social_112121157211696272,False,"{'start_i': 0, 'end_i': 50, 'severity': 'major'}"
engdeu9604,IOL-Research,432,TGT,eng,deu,88,test-en-social_112121157211696272,False,"{'start_i': 0, 'end_i': 50, 'severity': 'major'}"
engdeu9604,IOL-Research,433,TGT,eng,deu,89,test-en-social_112121157211696272,False,"{'start_i': 0, 'end_i': 50, 'severity': 'major'}"
engdeu9604,Dubformer,451,TGT,eng,deu,90,test-en-social_112122127346453600,False,"{'start_i': 0, 'end_i': 50, 'severity': 'major'}"
engdeu9604,Dubformer,452,TGT,eng,deu,91,test-en-social_112122127346453600,False,"{'start_i': 0, 'end_i': 50, 'severity': 'major'}"
engdeu9604,Dubformer,453,TGT,eng,deu,92,test-en-social_112122127346453600,False,"{'start_i': 0, 'end_i': 50, 'severity': 'major'}"
engdeu9604,Dubformer,454,TGT,eng,deu,93,test-en-social_112122127346453600,False,"{'start_i': 0, 'end_i': 50, 'severity': 'major'}"
engdeu9604,Dubformer,455,TGT,eng,deu,94,test-en-social_112122127346453600,False,"{'start_i': 0, 'end_i': 50, 'severity': 'major'}"
engdeu9604,Dubformer,456,TGT,eng,deu,95,test-en-social_112122127346453600,False,"{'start_i': 0, 'end_i': 50, 'severity': 'major'}"
engdeu9604,Dubformer,457,TGT,eng,deu,96,test-en-social_112122127346453600,False,"{'start_i': 0, 'end_i': 50, 'severity': 'major'}"
engdeu9604,Dubformer,458,TGT,eng,deu,97,test-en-social_112122127346453600,False,"{'start_i': 0, 'end_i': 50, 'severity': 'major'}"
engdeu9604,Dubformer,459,TGT,eng,deu,98,test-en-social_112122127346453600,False,"{'start_i': 0, 'end_i': 50, 'severity': 'major'}"
engdeu9604,Dubformer,460,TGT,eng,deu,99,test-en-social_112122127346453600,False,"{'start_i': 0, 'end_i': 50, 'severity': 'major'}"
engdeu9604,IOL-Research,767,TGT,eng,deu,100,test-en-speech_QaueRRYecxo_000,False,"{'start_i': 0, 'end_i': 50, 'severity': 'major'}"
engdeu9604,Dubformer,453,TGT,eng,deu,101,test-en-social_112122127346453600,False,"{'start_i': 0, 'end_i': 50, 'severity': 'major'}"
engdeu9604,Dubformer,454,TGT,eng,deu,102,test-en-social_112122127346453600,False,"{'start_i': 0, 'end_i': 50, 'severity': 'major'}"
engdeu9604,Dubformer,455,TGT,eng,deu,103,test-en-social_112122127346453600,False,"{'start_i': 0, 'end_i': 50, 'severity': 'major'}"
engdeu9604,Dubformer,456,TGT,eng,deu,104,test-en-social_112122127346453600,False,"{'start_i': 0, 'end_i': 50, 'severity': 'major'}"
engdeu9604,Dubformer,457,TGT,eng,deu,105,test-en-social_112122127346453600,False,"{'start_i': 0, 'end_i': 50, 'severity': 'major'}"
engdeu9604,Dubformer,458,TGT,eng,deu,106,test-en-social_112122127346453600,False,"{'start_i': 0, 'end_i': 50, 'severity': 'major'}"
engdeu9604,Dubformer,459,TGT,eng,deu,107,test-en-social_112122127346453600,False,"{'start_i': 0, 'end_i': 50, 'severity': 'major'}"
engdeu9604,Dubformer,460,TGT,eng,deu,108,test-en-social_112122127346453600,False,"{'start_i': 0, 'end_i': 50, 'severity': 'major'}"
engdeu9604,Dubformer,461,TGT,eng,deu,109,test-en-social_112122127346453600,False,"{'start_i': 0, 'end_i': 50, 'severity': 'major'}"
engdeu9604,IOL-Research,768,TGT,eng,deu,110,test-en-speech_QaueRRYecxo_000,False,"{'start_i': 0, 'end_i': 50, 'severity': 'major'}"
